../Core/Src/main.c:80:5:main	72	static
../Core/Src/main.c:229:6:SystemClock_Config	88	static
../Core/Src/main.c:276:13:MX_ADC1_Init	56	static
../Core/Src/main.c:344:13:MX_ADC2_Init	40	static
../Core/Src/main.c:403:13:MX_TIM3_Init	40	static
../Core/Src/main.c:448:13:MX_TIM4_Init	40	static
../Core/Src/main.c:493:13:MX_USART2_UART_Init	8	static
../Core/Src/main.c:541:13:MX_GPIO_Init	48	static
../Core/Src/main.c:591:6:HAL_TIM_PeriodElapsedCallback	16	static
../Core/Src/main.c:600:6:HAL_GPIO_EXTI_Callback	16	static
../Core/Src/main.c:606:6:printinserial	16	static
../Core/Src/main.c:616:6:Error_Handler	4	static,ignoring_inline_asm
