../Core/Src/main.c:79:5:main	8	static
../Core/Src/main.c:166:6:SystemClock_Config	88	static
../Core/Src/main.c:213:13:MX_ADC1_Init	56	static
../Core/Src/main.c:281:13:MX_ADC2_Init	40	static
../Core/Src/main.c:340:13:MX_TIM3_Init	40	static
../Core/Src/main.c:385:13:MX_TIM4_Init	40	static
../Core/Src/main.c:430:13:MX_USART2_UART_Init	8	static
../Core/Src/main.c:478:13:MX_GPIO_Init	48	static
../Core/Src/main.c:528:6:HAL_TIM_PeriodElapsedCallback	16	static
../Core/Src/main.c:537:6:HAL_GPIO_EXTI_Callback	16	static
../Core/Src/main.c:543:6:printinserial	16	static
../Core/Src/main.c:547:6:sensorup	80	static
../Core/Src/main.c:569:6:voltageup	80	static
../Core/Src/main.c:610:6:Error_Handler	4	static,ignoring_inline_asm
